Archive member included to satisfy reference by file (symbol)

./build/target/libucxos.a(device.o)
                              ./build/app/slb_lite_master-read.o (dev_init)
./build/target/libucxos.a(gpio.o)
                              ./build/app/slb_lite_master-read.o (gpio_api)
./build/target/libucxos.a(gpio_ll.o)
                              ./build/target/libucxos.a(gpio.o) (gpio_ll_setup)
./build/target/libucxos.a(hal.o)
                              (Reset_Handler)
./build/target/libucxos.a(libc.o)
                              ./build/app/slb_lite_master-read.o (ucx_memset)
./build/target/libucxos.a(list.o)
                              ./build/target/libucxos.a(hal.o) (list_foreach)
./build/target/libucxos.a(main.o)
                              ./build/target/libucxos.a(hal.o) (main)
./build/target/libucxos.a(malloc.o)
                              ./build/target/libucxos.a(list.o) (ucx_free)
./build/target/libucxos.a(misc.o)
                              ./build/target/libucxos.a(gpio_ll.o) (NVIC_Init)
./build/target/libucxos.a(setjmp.o)
                              ./build/target/libucxos.a(main.o) (setjmp)
./build/target/libucxos.a(slb_lite.o)
                              ./build/app/slb_lite_master-read.o (slb_api)
./build/target/libucxos.a(stm32f4xx_exti.o)
                              ./build/target/libucxos.a(gpio_ll.o) (EXTI_Init)
./build/target/libucxos.a(stm32f4xx_gpio.o)
                              ./build/target/libucxos.a(gpio_ll.o) (GPIO_Init)
./build/target/libucxos.a(stm32f4xx_rcc.o)
                              ./build/target/libucxos.a(gpio_ll.o) (RCC_AHB1PeriphClockCmd)
./build/target/libucxos.a(stm32f4xx_syscfg.o)
                              ./build/target/libucxos.a(gpio_ll.o) (SYSCFG_EXTILineConfig)
./build/target/libucxos.a(stm32f4xx_tim.o)
                              ./build/target/libucxos.a(hal.o) (TIM_TimeBaseInit)
./build/target/libucxos.a(system_stm32f4xx.o)
                              ./build/target/libucxos.a(hal.o) (SystemInit)
./build/target/libucxos.a(ucx.o)
                              ./build/target/libucxos.a(hal.o) (krnl_panic)
./build/target/libucxos.a(usart.o)
                              ./build/target/libucxos.a(hal.o) (usart_init)
./build/target/libucxos.a(usbd_cdc_core.o)
                              ./build/target/libucxos.a(usart.o) (USBD_CDC_cb)
./build/target/libucxos.a(usbd_cdc_vcp.o)
                              ./build/target/libucxos.a(usart.o) (VCP_putchar)
./build/target/libucxos.a(usbd_core.o)
                              ./build/target/libucxos.a(usart.o) (USBD_Init)
./build/target/libucxos.a(usbd_desc.o)
                              ./build/target/libucxos.a(usbd_cdc_core.o) (USBD_DeviceDesc)
./build/target/libucxos.a(usbd_ioreq.o)
                              ./build/target/libucxos.a(usbd_cdc_core.o) (USBD_CtlSendData)
./build/target/libucxos.a(usbd_req.o)
                              ./build/target/libucxos.a(usbd_core.o) (USBD_StdDevReq)
./build/target/libucxos.a(usbd_usr.o)
                              ./build/target/libucxos.a(usart.o) (USR_cb)
./build/target/libucxos.a(console.o)
                              ./build/target/libucxos.a(hal.o) (_stdout_install)
./build/target/libucxos.a(dump.o)
                              ./build/target/libucxos.a(hal.o) (hexdump)
./build/target/libucxos.a(ecodes.o)
                              ./build/target/libucxos.a(ucx.o) (perror)
./build/target/libucxos.a(muldiv.o)
                              ./build/target/libucxos.a(ucx.o) (__udivdi3)
./build/target/libucxos.a(stm32f4xx_usart.o)
                              ./build/target/libucxos.a(usart.o) (USART_Init)
./build/target/libucxos.a(usb_bsp.o)
                              ./build/target/libucxos.a(usbd_core.o) (USB_OTG_BSP_Init)
./build/target/libucxos.a(usb_core.o)
                              ./build/target/libucxos.a(usbd_ioreq.o) (USB_OTG_EP0_OutStart)
./build/target/libucxos.a(usb_dcd.o)
                              ./build/target/libucxos.a(usbd_core.o) (DCD_Init)
./build/target/libucxos.a(usb_dcd_int.o)
                              ./build/target/libucxos.a(usb_bsp.o) (USBD_OTG_ISR_Handler)

Discarded input sections

 .text          0x0000000000000000        0x0 ./build/app/slb_lite_master-read.o
 .data          0x0000000000000000        0x0 ./build/app/slb_lite_master-read.o
 .bss           0x0000000000000000        0x0 ./build/app/slb_lite_master-read.o
 .text.idle     0x0000000000000000        0x4 ./build/app/slb_lite_master-read.o
 .text          0x0000000000000000        0x0 ./build/target/libucxos.a(device.o)
 .data          0x0000000000000000        0x0 ./build/target/libucxos.a(device.o)
 .bss           0x0000000000000000        0x0 ./build/target/libucxos.a(device.o)
 .text.dev_deinit
                0x0000000000000000        0x8 ./build/target/libucxos.a(device.o)
 .text.dev_close
                0x0000000000000000        0x8 ./build/target/libucxos.a(device.o)
 .text.dev_seek
[...]
Memory Configuration

Name             Origin             Length             Attributes
FLASH            0x0000000008000000 0x0000000000080000 xr
RAM              0x0000000020000000 0x0000000000020000 xrw
CCM_RAM          0x0000000010000000 0x0000000000000000 xrw
*default*        0x0000000000000000 0xffffffffffffffff

Linker script and memory map

                0x0000000000002000                _stack_size = 0x2000
                0x0000000020020000                _stack_start = (ORIGIN (RAM) + LENGTH (RAM))
                0x000000002001e000                _stack_end = (_stack_start - _stack_size)
                0x00000000200013b8                _heap_start = _ebss
                0x000000002001e000                _heap_end = _stack_end
                0x000000000001cc48                _heap_size = (_stack_end - _ebss)

.isr_vector     0x0000000008000000      0x188
                0x0000000008000000                . = ALIGN (0x4)
 *(.isr_vector)
 .isr_vector    0x0000000008000000      0x188 ./build/target/libucxos.a(hal.o)
                0x0000000008000000                g_pfnVectors
                0x0000000008000188                . = ALIGN (0x4)

.text           0x0000000008000188     0x4b64
 *(.text)
 .text          0x0000000008000188       0x5c ./build/target/libucxos.a(setjmp.o)
                0x0000000008000188                setjmp
                0x00000000080001a0                longjmp
                0x00000000080001bc                PendSV_Handler
 *(.text.*)
 .text.gpio_sdl
                0x00000000080001e4       0x58 ./build/app/slb_lite_master-read.o
                0x00000000080001e4                gpio_sdl
 .text.gpio_configpins
                0x000000000800023c       0x28 ./build/app/slb_lite_master-read.o
                0x000000000800023c                gpio_configpins
 .text.task0    0x0000000008000264       0xa8 ./build/app/slb_lite_master-read.o
                0x0000000008000264                task0
 .text.app_main
                0x000000000800030c       0x24 ./build/app/slb_lite_master-read.o
                0x000000000800030c                app_main
 .text.dev_init
                0x0000000008000330        0x8 ./build/target/libucxos.a(device.o)
                0x0000000008000330                dev_init
 .text.dev_open
                0x0000000008000338        0x8 ./build/target/libucxos.a(device.o)
                0x0000000008000338                dev_open
 .text.dev_read
                0x0000000008000340        0x8 ./build/target/libucxos.a(device.o)
                0x0000000008000340                dev_read
 .text.dev_write
                0x0000000008000348        0x8 ./build/target/libucxos.a(device.o)
                0x0000000008000348                dev_write
 .text.driver_int_attach
                0x0000000008000350        0x8 ./build/target/libucxos.a(gpio.o)
 .text.driver_toggle
                0x0000000008000358        0x8 ./build/target/libucxos.a(gpio.o)
 .text.driver_clear
                0x0000000008000360        0x8 ./build/target/libucxos.a(gpio.o)
 .text.driver_set
                0x0000000008000368        0x8 ./build/target/libucxos.a(gpio.o)
 .text.driver_get
                0x0000000008000370       0x14 ./build/target/libucxos.a(gpio.o)
 .text.driver_setup
                0x0000000008000384        0x8 ./build/target/libucxos.a(gpio.o)
 .text.gpio_ll_setup
                0x000000000800038c      0x20c ./build/target/libucxos.a(gpio_ll.o)
                0x000000000800038c                gpio_ll_setup
 .text.gpio_ll_get
                0x0000000008000598       0x40 ./build/target/libucxos.a(gpio_ll.o)
                0x0000000008000598                gpio_ll_get
 .text.gpio_ll_set
                0x00000000080005d8       0x44 ./build/target/libucxos.a(gpio_ll.o)
                0x00000000080005d8                gpio_ll_set
 .text.gpio_ll_clear
                0x000000000800061c       0x44 ./build/target/libucxos.a(gpio_ll.o)
                0x000000000800061c                gpio_ll_clear
 .text.gpio_ll_toggle
                0x0000000008000660       0x44 ./build/target/libucxos.a(gpio_ll.o)
                0x0000000008000660                gpio_ll_toggle
 .text.EXTI0_IRQHandler
                0x00000000080006a4       0x24 ./build/target/libucxos.a(gpio_ll.o)
                0x00000000080006a4                EXTI0_IRQHandler
 .text.EXTI1_IRQHandler
                0x00000000080006c8       0x24 ./build/target/libucxos.a(gpio_ll.o)
                0x00000000080006c8                EXTI1_IRQHandler
 .text.EXTI2_IRQHandler
                0x00000000080006ec       0x24 ./build/target/libucxos.a(gpio_ll.o)
                0x00000000080006ec                EXTI2_IRQHandler
 .text.EXTI3_IRQHandler
                0x0000000008000710       0x24 ./build/target/libucxos.a(gpio_ll.o)
                0x0000000008000710                EXTI3_IRQHandler
 .text.EXTI4_IRQHandler
                0x0000000008000734       0x24 ./build/target/libucxos.a(gpio_ll.o)
                0x0000000008000734                EXTI4_IRQHandler
 .text.EXTI9_5_IRQHandler
                0x0000000008000758       0x7c ./build/target/libucxos.a(gpio_ll.o)
                0x0000000008000758                EXTI9_5_IRQHandler
 .text.EXTI15_10_IRQHandler
                0x00000000080007d4       0xa0 ./build/target/libucxos.a(gpio_ll.o)
                0x00000000080007d4                EXTI15_10_IRQHandler
 .text.gpio_ll_int_attach
                0x0000000008000874      0x3f4 ./build/target/libucxos.a(gpio_ll.o)
                0x0000000008000874                gpio_ll_int_attach
 .text.Dummy_Handler
                0x0000000008000c68        0x4 ./build/target/libucxos.a(hal.o)
                0x0000000008000c68                RTC_Alarm_IRQHandler
                0x0000000008000c68                HASH_RNG_IRQHandler
                0x0000000008000c68                TIM8_CC_IRQHandler
                0x0000000008000c68                DebugMon_Handler
                0x0000000008000c68                TIM1_CC_IRQHandler
                0x0000000008000c68                DMA2_Stream5_IRQHandler
                0x0000000008000c68                HardFault_Handler
                0x0000000008000c68                DMA1_Stream5_IRQHandler
                0x0000000008000c68                PVD_IRQHandler
                0x0000000008000c68                SDIO_IRQHandler
                0x0000000008000c68                TAMP_STAMP_IRQHandler
                0x0000000008000c68                NMI_Handler
                0x0000000008000c68                CAN2_RX1_IRQHandler
                0x0000000008000c68                TIM8_TRG_COM_TIM14_IRQHandler
                0x0000000008000c68                TIM1_UP_TIM10_IRQHandler
                0x0000000008000c68                TIM8_UP_TIM13_IRQHandler
                0x0000000008000c68                I2C3_ER_IRQHandler
                0x0000000008000c68                I2C2_EV_IRQHandler
                0x0000000008000c68                DMA1_Stream2_IRQHandler
                0x0000000008000c68                CAN1_RX0_IRQHandler
                0x0000000008000c68                FPU_IRQHandler
                0x0000000008000c68                OTG_HS_WKUP_IRQHandler
                0x0000000008000c68                UsageFault_Handler
                0x0000000008000c68                CAN2_SCE_IRQHandler
                0x0000000008000c68                DMA2_Stream2_IRQHandler
                0x0000000008000c68                SPI1_IRQHandler
                0x0000000008000c68                TIM6_DAC_IRQHandler
                0x0000000008000c68                TIM1_BRK_TIM9_IRQHandler
                0x0000000008000c68                DCMI_IRQHandler
                0x0000000008000c68                CAN2_RX0_IRQHandler
                0x0000000008000c68                DMA2_Stream3_IRQHandler
                0x0000000008000c68                USART3_IRQHandler
                0x0000000008000c68                CRYP_IRQHandler
                0x0000000008000c68                CAN1_RX1_IRQHandler
                0x0000000008000c68                UART5_IRQHandler
                0x0000000008000c68                DMA2_Stream0_IRQHandler
                0x0000000008000c68                Dummy_Handler
                0x0000000008000c68                TIM4_IRQHandler
                0x0000000008000c68                I2C1_EV_IRQHandler
                0x0000000008000c68                DMA1_Stream6_IRQHandler
                0x0000000008000c68                DMA1_Stream1_IRQHandler
                0x0000000008000c68                UART4_IRQHandler
                0x0000000008000c68                TIM3_IRQHandler
                0x0000000008000c68                RCC_IRQHandler
                0x0000000008000c68                TIM8_BRK_TIM12_IRQHandler
                0x0000000008000c68                ADC_IRQHandler
                0x0000000008000c68                DMA1_Stream7_IRQHandler
                0x0000000008000c68                TIM7_IRQHandler
                0x0000000008000c68                CAN2_TX_IRQHandler
                0x0000000008000c68                TIM5_IRQHandler
                0x0000000008000c68                DMA2_Stream7_IRQHandler
                0x0000000008000c68                I2C3_EV_IRQHandler
                0x0000000008000c68                RTC_WKUP_IRQHandler
                0x0000000008000c68                ETH_WKUP_IRQHandler
                0x0000000008000c68                SPI2_IRQHandler
                0x0000000008000c68                OTG_HS_EP1_IN_IRQHandler
                0x0000000008000c68                MemManage_Handler
                0x0000000008000c68                DMA1_Stream0_IRQHandler
                0x0000000008000c68                CAN1_TX_IRQHandler
                0x0000000008000c68                FSMC_IRQHandler
                0x0000000008000c68                ETH_IRQHandler
                0x0000000008000c68                OTG_HS_EP1_OUT_IRQHandler
                0x0000000008000c68                WWDG_IRQHandler
                0x0000000008000c68                TIM2_IRQHandler
                0x0000000008000c68                OTG_FS_WKUP_IRQHandler
                0x0000000008000c68                TIM1_TRG_COM_TIM11_IRQHandler
                0x0000000008000c68                OTG_HS_IRQHandler
                0x0000000008000c68                I2C2_ER_IRQHandler
                0x0000000008000c68                DMA2_Stream1_IRQHandler
                0x0000000008000c68                CAN1_SCE_IRQHandler
                0x0000000008000c68                FLASH_IRQHandler
                0x0000000008000c68                DMA2_Stream4_IRQHandler
                0x0000000008000c68                BusFault_Handler
                0x0000000008000c68                SPI3_IRQHandler
                0x0000000008000c68                DMA1_Stream4_IRQHandler
                0x0000000008000c68                I2C1_ER_IRQHandler
                0x0000000008000c68                DMA2_Stream6_IRQHandler
                0x0000000008000c68                DMA1_Stream3_IRQHandler
 .text.SVC_Handler
                0x0000000008000c6c        0xc ./build/target/libucxos.a(hal.o)
                0x0000000008000c6c                SVC_Handler
 .text._delay_update
                0x0000000008000c78       0x2c ./build/target/libucxos.a(hal.o)
 .text.timer_enable
                0x0000000008000ca4       0x10 ./build/target/libucxos.a(hal.o)
 .text.timer_disable
                0x0000000008000cb4       0x10 ./build/target/libucxos.a(hal.o)
 .text.Reset_Handler
                0x0000000008000cc4       0x5c ./build/target/libucxos.a(hal.o)
                0x0000000008000cc4                Reset_Handler
 .text._stack_check
                0x0000000008000d20       0x40 ./build/target/libucxos.a(hal.o)
 .text.__kbhit  0x0000000008000d60       0x14 ./build/target/libucxos.a(hal.o)
 .text.__getchar
                0x0000000008000d74        0xc ./build/target/libucxos.a(hal.o)
 .text.__putchar
                0x0000000008000d80       0x10 ./build/target/libucxos.a(hal.o)
 .text._delay_ms
                0x0000000008000d90       0xc8 ./build/target/libucxos.a(hal.o)
                0x0000000008000d90                _delay_ms
 .text._delay_us
                0x0000000008000e58       0xb8 ./build/target/libucxos.a(hal.o)
                0x0000000008000e58                _delay_us
 .text._read_us
                0x0000000008000f10       0x4c ./build/target/libucxos.a(hal.o)
                0x0000000008000f10                _read_us
 .text.SysTick_Handler
                0x0000000008000f5c       0x40 ./build/target/libucxos.a(hal.o)
                0x0000000008000f5c                SysTick_Handler
 .text.syscall  0x0000000008000f9c        0x4 ./build/target/libucxos.a(hal.o)
                0x0000000008000f9c                syscall
 .text._dispatch
                0x0000000008000fa0       0x38 ./build/target/libucxos.a(hal.o)
                0x0000000008000fa0                _dispatch
 .text._hardware_init
                0x0000000008000fd8      0x178 ./build/target/libucxos.a(hal.o)
                0x0000000008000fd8                _hardware_init
 .text._di      0x0000000008001150        0x4 ./build/target/libucxos.a(hal.o)
                0x0000000008001150                _di
 .text._ei      0x0000000008001154        0x8 ./build/target/libucxos.a(hal.o)
                0x0000000008001154                _ei
 .text._timer_enable
                0x000000000800115c        0xc ./build/target/libucxos.a(hal.o)
                0x000000000800115c                _timer_enable
 .text._timer_disable
                0x0000000008001168        0xc ./build/target/libucxos.a(hal.o)
                0x0000000008001168                _timer_disable
 .text._dispatch_init
                0x0000000008001174       0x38 ./build/target/libucxos.a(hal.o)
                0x0000000008001174                _dispatch_init
 .text._context_init
                0x00000000080011ac       0x1c ./build/target/libucxos.a(hal.o)
                0x00000000080011ac                _context_init
 .text.ucx_vsprintf
                0x00000000080011c8      0x280 ./build/target/libucxos.a(libc.o)
 .text.ucx_memset
                0x0000000008001448       0x14 ./build/target/libucxos.a(libc.o)
                0x0000000008001448                ucx_memset
 .text.ucx_printf
                0x000000000800145c       0x20 ./build/target/libucxos.a(libc.o)
                0x000000000800145c                ucx_printf
 .text.list_create
                0x000000000800147c       0x54 ./build/target/libucxos.a(list.o)
                0x000000000800147c                list_create
 .text.list_pushback
                0x00000000080014d0       0x28 ./build/target/libucxos.a(list.o)
                0x00000000080014d0                list_pushback
 .text.list_cnext
                0x00000000080014f8       0x14 ./build/target/libucxos.a(list.o)
                0x00000000080014f8                list_cnext
 .text.list_foreach
                0x000000000800150c       0x28 ./build/target/libucxos.a(list.o)
                0x000000000800150c                list_foreach
 .text.startup.main
                0x0000000008001534       0xa8 ./build/target/libucxos.a(main.o)
                0x0000000008001534                main
 .text.ucx_free
                0x00000000080015dc       0x5c ./build/target/libucxos.a(malloc.o)
                0x00000000080015dc                ucx_free
 .text.ucx_malloc
                0x0000000008001638       0xb0 ./build/target/libucxos.a(malloc.o)
                0x0000000008001638                ucx_malloc
 .text.ucx_heap_init
                0x00000000080016e8       0x34 ./build/target/libucxos.a(malloc.o)
                0x00000000080016e8                ucx_heap_init
 .text.NVIC_PriorityGroupConfig
                0x000000000800171c       0x14 ./build/target/libucxos.a(misc.o)
                0x000000000800171c                NVIC_PriorityGroupConfig
 .text.NVIC_Init
                0x0000000008001730       0x70 ./build/target/libucxos.a(misc.o)
                0x0000000008001730                NVIC_Init
 .text.slb_driver_init
                0x00000000080017a0       0x38 ./build/target/libucxos.a(slb_lite.o)
 .text.slb_driver_close
                0x00000000080017d8       0x40 ./build/target/libucxos.a(slb_lite.o)
 .text.slb_driver_open
                0x0000000008001818       0x60 ./build/target/libucxos.a(slb_lite.o)
 .text.slb_driver_read
                0x0000000008001878      0x214 ./build/target/libucxos.a(slb_lite.o)
 .text.slb_master_transfer.isra.0
                0x0000000008001a8c       0x30 ./build/target/libucxos.a(slb_lite.o)
 .text.slb_driver_write
                0x0000000008001abc      0x13c ./build/target/libucxos.a(slb_lite.o)
 .text.EXTI_Init
                0x0000000008001bf8       0x80 ./build/target/libucxos.a(stm32f4xx_exti.o)
                0x0000000008001bf8                EXTI_Init
 .text.EXTI_GetITStatus
                0x0000000008001c78       0x14 ./build/target/libucxos.a(stm32f4xx_exti.o)
                0x0000000008001c78                EXTI_GetITStatus
 .text.EXTI_ClearITPendingBit
                0x0000000008001c8c        0xc ./build/target/libucxos.a(stm32f4xx_exti.o)
                0x0000000008001c8c                EXTI_ClearITPendingBit
 .text.GPIO_Init
                0x0000000008001c98       0xac ./build/target/libucxos.a(stm32f4xx_gpio.o)
                0x0000000008001c98                GPIO_Init
 .text.GPIO_ReadInputData
                0x0000000008001d44        0x8 ./build/target/libucxos.a(stm32f4xx_gpio.o)
                0x0000000008001d44                GPIO_ReadInputData
 .text.GPIO_SetBits
                0x0000000008001d4c        0x8 ./build/target/libucxos.a(stm32f4xx_gpio.o)
                0x0000000008001d4c                GPIO_SetBits
 .text.GPIO_ResetBits
                0x0000000008001d54        0x8 ./build/target/libucxos.a(stm32f4xx_gpio.o)
                0x0000000008001d54                GPIO_ResetBits
 .text.GPIO_ToggleBits
                0x0000000008001d5c        0xc ./build/target/libucxos.a(stm32f4xx_gpio.o)
                0x0000000008001d5c                GPIO_ToggleBits
 .text.GPIO_PinAFConfig
                0x0000000008001d68       0x2c ./build/target/libucxos.a(stm32f4xx_gpio.o)
                0x0000000008001d68                GPIO_PinAFConfig
 .text.RCC_GetClocksFreq
                0x0000000008001d94       0x8c ./build/target/libucxos.a(stm32f4xx_rcc.o)
                0x0000000008001d94                RCC_GetClocksFreq
 .text.RCC_AHB1PeriphClockCmd
                0x0000000008001e20       0x18 ./build/target/libucxos.a(stm32f4xx_rcc.o)
                0x0000000008001e20                RCC_AHB1PeriphClockCmd
 .text.RCC_AHB2PeriphClockCmd
                0x0000000008001e38       0x18 ./build/target/libucxos.a(stm32f4xx_rcc.o)
                0x0000000008001e38                RCC_AHB2PeriphClockCmd
 .text.RCC_APB1PeriphClockCmd
                0x0000000008001e50       0x18 ./build/target/libucxos.a(stm32f4xx_rcc.o)
                0x0000000008001e50                RCC_APB1PeriphClockCmd
 .text.RCC_APB2PeriphClockCmd
                0x0000000008001e68       0x18 ./build/target/libucxos.a(stm32f4xx_rcc.o)
                0x0000000008001e68                RCC_APB2PeriphClockCmd
 .text.RCC_APB1PeriphResetCmd
                0x0000000008001e80       0x18 ./build/target/libucxos.a(stm32f4xx_rcc.o)
                0x0000000008001e80                RCC_APB1PeriphResetCmd
 .text.SYSCFG_EXTILineConfig
                0x0000000008001e98       0x30 ./build/target/libucxos.a(stm32f4xx_syscfg.o)
                0x0000000008001e98                SYSCFG_EXTILineConfig
 .text.TIM_TimeBaseInit
                0x0000000008001ec8       0x80 ./build/target/libucxos.a(stm32f4xx_tim.o)
                0x0000000008001ec8                TIM_TimeBaseInit
 .text.TIM_TimeBaseStructInit
                0x0000000008001f48       0x10 ./build/target/libucxos.a(stm32f4xx_tim.o)
                0x0000000008001f48                TIM_TimeBaseStructInit
 .text.TIM_Cmd  0x0000000008001f58       0x18 ./build/target/libucxos.a(stm32f4xx_tim.o)
                0x0000000008001f58                TIM_Cmd
 .text.SystemInit
                0x0000000008001f70       0xec ./build/target/libucxos.a(system_stm32f4xx.o)
                0x0000000008001f70                SystemInit
 .text.SystemCoreClockUpdate
                0x000000000800205c       0x70 ./build/target/libucxos.a(system_stm32f4xx.o)
                0x000000000800205c                SystemCoreClockUpdate
 .text.krnl_noop_rtsched
                0x00000000080020cc        0x8 ./build/target/libucxos.a(ucx.o)
                0x00000000080020cc                krnl_noop_rtsched
 .text.krnl_panic
                0x00000000080020d4       0x44 ./build/target/libucxos.a(ucx.o)
                0x00000000080020d4                krnl_panic
 .text.krnl_schedule
                0x0000000008002118       0x74 ./build/target/libucxos.a(ucx.o)
                0x0000000008002118                krnl_schedule
 .text.krnl_dispatcher
                0x000000000800218c       0x14 ./build/target/libucxos.a(ucx.o)
                0x000000000800218c                krnl_dispatcher
 .text.ucx_task_spawn
                0x00000000080021a0       0xec ./build/target/libucxos.a(ucx.o)
                0x00000000080021a0                ucx_task_spawn
 .text.USART1_IRQHandler
                0x000000000800228c       0x60 ./build/target/libucxos.a(usart.o)
                0x000000000800228c                USART1_IRQHandler
 .text.USART2_IRQHandler
                0x00000000080022ec       0x64 ./build/target/libucxos.a(usart.o)
                0x00000000080022ec                USART2_IRQHandler
 .text.USART6_IRQHandler
                0x0000000008002350       0x64 ./build/target/libucxos.a(usart.o)
                0x0000000008002350                USART6_IRQHandler
 .text.usart_init
                0x00000000080023b4      0x26c ./build/target/libucxos.a(usart.o)
                0x00000000080023b4                usart_init
 .text.usart_rxsize
                0x0000000008002620       0x7c ./build/target/libucxos.a(usart.o)
                0x0000000008002620                usart_rxsize
 .text.usart_tx
                0x000000000800269c       0x94 ./build/target/libucxos.a(usart.o)
                0x000000000800269c                usart_tx
 .text.usart_rx
                0x0000000008002730      0x198 ./build/target/libucxos.a(usart.o)
                0x0000000008002730                usart_rx
 .text.usbd_cdc_EP0_RxReady
                0x00000000080028c8       0x30 ./build/target/libucxos.a(usbd_cdc_core.o)
 .text.USBD_cdc_GetCfgDesc
                0x00000000080028f8        0xc ./build/target/libucxos.a(usbd_cdc_core.o)
 .text.usbd_cdc_SOF
                0x0000000008002904       0x98 ./build/target/libucxos.a(usbd_cdc_core.o)
 .text.usbd_cdc_DataOut
                0x000000000800299c       0x3c ./build/target/libucxos.a(usbd_cdc_core.o)
 .text.usbd_cdc_Setup
                0x00000000080029d8       0xb4 ./build/target/libucxos.a(usbd_cdc_core.o)
 .text.usbd_cdc_DeInit
                0x0000000008002a8c       0x28 ./build/target/libucxos.a(usbd_cdc_core.o)
 .text.usbd_cdc_Init
                0x0000000008002ab4       0x60 ./build/target/libucxos.a(usbd_cdc_core.o)
 .text.usbd_cdc_DataIn
                0x0000000008002b14       0x60 ./build/target/libucxos.a(usbd_cdc_core.o)
 .text.VCP_Init
                0x0000000008002b74        0x4 ./build/target/libucxos.a(usbd_cdc_vcp.o)
 .text.VCP_Ctrl
                0x0000000008002b78       0x50 ./build/target/libucxos.a(usbd_cdc_vcp.o)
 .text.VCP_DataTx
                0x0000000008002bc8       0x38 ./build/target/libucxos.a(usbd_cdc_vcp.o)
 .text.VCP_DataRx
                0x0000000008002c00       0x54 ./build/target/libucxos.a(usbd_cdc_vcp.o)
 .text.VCP_DeInit
                0x0000000008002c54        0x4 ./build/target/libucxos.a(usbd_cdc_vcp.o)
 .text.VCP_putchar
                0x0000000008002c58       0x24 ./build/target/libucxos.a(usbd_cdc_vcp.o)
                0x0000000008002c58                VCP_putchar
 .text.VCP_kbhit
                0x0000000008002c7c       0x18 ./build/target/libucxos.a(usbd_cdc_vcp.o)
                0x0000000008002c7c                VCP_kbhit
 .text.VCP_getchar
                0x0000000008002c94       0x3c ./build/target/libucxos.a(usbd_cdc_vcp.o)
                0x0000000008002c94                VCP_getchar
 .text.USBD_Resume
                0x0000000008002cd0       0x18 ./build/target/libucxos.a(usbd_core.o)
 .text.USBD_Suspend
                0x0000000008002ce8       0x18 ./build/target/libucxos.a(usbd_core.o)
 .text.USBD_SOF
                0x0000000008002d00       0x14 ./build/target/libucxos.a(usbd_core.o)
 .text.USBD_IsoINIncomplete
                0x0000000008002d14       0x10 ./build/target/libucxos.a(usbd_core.o)
 .text.USBD_IsoOUTIncomplete
                0x0000000008002d24       0x10 ./build/target/libucxos.a(usbd_core.o)
 .text.USBD_DevConnected
                0x0000000008002d34       0x10 ./build/target/libucxos.a(usbd_core.o)
 .text.USBD_DevDisconnected
                0x0000000008002d44       0x1c ./build/target/libucxos.a(usbd_core.o)
 .text.USBD_Reset
                0x0000000008002d60       0x30 ./build/target/libucxos.a(usbd_core.o)
 .text.USBD_SetupStage
                0x0000000008002d90       0x58 ./build/target/libucxos.a(usbd_core.o)
 .text.USBD_DataInStage
                0x0000000008002de8       0xa4 ./build/target/libucxos.a(usbd_core.o)
 .text.USBD_DataOutStage
                0x0000000008002e8c       0x7c ./build/target/libucxos.a(usbd_core.o)
 .text.USBD_Init
                0x0000000008002f08       0x3c ./build/target/libucxos.a(usbd_core.o)
                0x0000000008002f08                USBD_Init
 .text.USBD_SetCfg
                0x0000000008002f44       0x1c ./build/target/libucxos.a(usbd_core.o)
                0x0000000008002f44                USBD_SetCfg
 .text.USBD_ClrCfg
                0x0000000008002f60       0x14 ./build/target/libucxos.a(usbd_core.o)
                0x0000000008002f60                USBD_ClrCfg
 .text.USBD_USR_DeviceDescriptor
                0x0000000008002f74        0xc ./build/target/libucxos.a(usbd_desc.o)
                0x0000000008002f74                USBD_USR_DeviceDescriptor
 .text.USBD_USR_LangIDStrDescriptor
                0x0000000008002f80        0xc ./build/target/libucxos.a(usbd_desc.o)
                0x0000000008002f80                USBD_USR_LangIDStrDescriptor
 .text.USBD_USR_ProductStrDescriptor
                0x0000000008002f8c       0x1c ./build/target/libucxos.a(usbd_desc.o)
                0x0000000008002f8c                USBD_USR_ProductStrDescriptor
 .text.USBD_USR_ManufacturerStrDescriptor
                0x0000000008002fa8       0x1c ./build/target/libucxos.a(usbd_desc.o)
                0x0000000008002fa8                USBD_USR_ManufacturerStrDescriptor
 .text.USBD_USR_SerialStrDescriptor
                0x0000000008002fc4       0x1c ./build/target/libucxos.a(usbd_desc.o)
                0x0000000008002fc4                USBD_USR_SerialStrDescriptor
 .text.USBD_USR_ConfigStrDescriptor
                0x0000000008002fe0       0x1c ./build/target/libucxos.a(usbd_desc.o)
                0x0000000008002fe0                USBD_USR_ConfigStrDescriptor
 .text.USBD_USR_InterfaceStrDescriptor
                0x0000000008002ffc       0x1c ./build/target/libucxos.a(usbd_desc.o)
                0x0000000008002ffc                USBD_USR_InterfaceStrDescriptor
 .text.USBD_CtlSendData
                0x0000000008003018       0x20 ./build/target/libucxos.a(usbd_ioreq.o)
                0x0000000008003018                USBD_CtlSendData
 .text.USBD_CtlContinueSendData
                0x0000000008003038       0x14 ./build/target/libucxos.a(usbd_ioreq.o)
                0x0000000008003038                USBD_CtlContinueSendData
 .text.USBD_CtlPrepareRx
                0x000000000800304c       0x20 ./build/target/libucxos.a(usbd_ioreq.o)
                0x000000000800304c                USBD_CtlPrepareRx
 .text.USBD_CtlContinueRx
                0x000000000800306c       0x14 ./build/target/libucxos.a(usbd_ioreq.o)
                0x000000000800306c                USBD_CtlContinueRx
 .text.USBD_CtlSendStatus
                0x0000000008003080       0x20 ./build/target/libucxos.a(usbd_ioreq.o)
                0x0000000008003080                USBD_CtlSendStatus
 .text.USBD_CtlReceiveStatus
                0x00000000080030a0       0x20 ./build/target/libucxos.a(usbd_ioreq.o)
                0x00000000080030a0                USBD_CtlReceiveStatus
 .text.USBD_StdDevReq
                0x00000000080030c0      0x2f8 ./build/target/libucxos.a(usbd_req.o)
                0x00000000080030c0                USBD_StdDevReq
 .text.USBD_StdItfReq
                0x00000000080033b8       0x54 ./build/target/libucxos.a(usbd_req.o)
                0x00000000080033b8                USBD_StdItfReq
 .text.USBD_StdEPReq
                0x000000000800340c       0xe4 ./build/target/libucxos.a(usbd_req.o)
                0x000000000800340c                USBD_StdEPReq
 .text.USBD_ParseSetupRequest
                0x00000000080034f0       0x24 ./build/target/libucxos.a(usbd_req.o)
                0x00000000080034f0                USBD_ParseSetupRequest
 .text.USBD_CtlError
                0x0000000008003514       0x34 ./build/target/libucxos.a(usbd_req.o)
                0x0000000008003514                USBD_CtlError
 .text.USBD_GetString
                0x0000000008003548       0x50 ./build/target/libucxos.a(usbd_req.o)
                0x0000000008003548                USBD_GetString
 .text.USBD_USR_Init
                0x0000000008003598        0xc ./build/target/libucxos.a(usbd_usr.o)
                0x0000000008003598                USBD_USR_Init
 .text.USBD_USR_DeviceReset
                0x00000000080035a4        0xc ./build/target/libucxos.a(usbd_usr.o)
                0x00000000080035a4                USBD_USR_DeviceReset
 .text.USBD_USR_DeviceConfigured
                0x00000000080035b0        0xc ./build/target/libucxos.a(usbd_usr.o)
                0x00000000080035b0                USBD_USR_DeviceConfigured
 .text.USBD_USR_DeviceResumed
                0x00000000080035bc        0xc ./build/target/libucxos.a(usbd_usr.o)
                0x00000000080035bc                USBD_USR_DeviceResumed
 .text.USBD_USR_DeviceConnected
                0x00000000080035c8        0xc ./build/target/libucxos.a(usbd_usr.o)
                0x00000000080035c8                USBD_USR_DeviceConnected
 .text.USBD_USR_DeviceDisconnected
                0x00000000080035d4        0xc ./build/target/libucxos.a(usbd_usr.o)
                0x00000000080035d4                USBD_USR_DeviceDisconnected
 .text.USBD_USR_DeviceSuspended
                0x00000000080035e0        0xc ./build/target/libucxos.a(usbd_usr.o)
                0x00000000080035e0                USBD_USR_DeviceSuspended
 .text._stdout_default
                0x00000000080035ec        0x4 ./build/target/libucxos.a(console.o)
 .text._stdin_default
                0x00000000080035f0        0x4 ./build/target/libucxos.a(console.o)
 .text._stdpoll_default
                0x00000000080035f4        0x4 ./build/target/libucxos.a(console.o)
 .text._stdout_install
                0x00000000080035f8        0xc ./build/target/libucxos.a(console.o)
                0x00000000080035f8                _stdout_install
 .text._stdin_install
                0x0000000008003604        0xc ./build/target/libucxos.a(console.o)
                0x0000000008003604                _stdin_install
 .text._stdpoll_install
                0x0000000008003610        0xc ./build/target/libucxos.a(console.o)
                0x0000000008003610                _stdpoll_install
 .text._putchar
                0x000000000800361c       0x14 ./build/target/libucxos.a(console.o)
                0x000000000800361c                _putchar
 .text.hexdump  0x0000000008003630       0xec ./build/target/libucxos.a(dump.o)
                0x0000000008003630                hexdump
 .text.USART_Init
                0x000000000800371c       0xc0 ./build/target/libucxos.a(stm32f4xx_usart.o)
                0x000000000800371c                USART_Init
 .text.USART_Cmd
                0x00000000080037dc       0x18 ./build/target/libucxos.a(stm32f4xx_usart.o)
                0x00000000080037dc                USART_Cmd
 .text.USART_SendData
                0x00000000080037f4        0x8 ./build/target/libucxos.a(stm32f4xx_usart.o)
                0x00000000080037f4                USART_SendData
 .text.USART_ReceiveData
                0x00000000080037fc        0x8 ./build/target/libucxos.a(stm32f4xx_usart.o)
                0x00000000080037fc                USART_ReceiveData
 .text.USART_ITConfig
                0x0000000008003804       0x34 ./build/target/libucxos.a(stm32f4xx_usart.o)
                0x0000000008003804                USART_ITConfig
 .text.USART_GetFlagStatus
                0x0000000008003838       0x10 ./build/target/libucxos.a(stm32f4xx_usart.o)
                0x0000000008003838                USART_GetFlagStatus
 .text.USART_GetITStatus
                0x0000000008003848       0x44 ./build/target/libucxos.a(stm32f4xx_usart.o)
                0x0000000008003848                USART_GetITStatus
 .text.USB_OTG_BSP_Init
                0x000000000800388c       0x90 ./build/target/libucxos.a(usb_bsp.o)
                0x000000000800388c                USB_OTG_BSP_Init
 .text.USB_OTG_BSP_EnableInterrupt
                0x000000000800391c       0x2c ./build/target/libucxos.a(usb_bsp.o)
                0x000000000800391c                USB_OTG_BSP_EnableInterrupt
 .text.USB_OTG_BSP_uDelay
                0x0000000008003948        0x4 ./build/target/libucxos.a(usb_bsp.o)
                0x0000000008003948                USB_OTG_BSP_uDelay
 .text.USB_OTG_BSP_mDelay
                0x000000000800394c        0x4 ./build/target/libucxos.a(usb_bsp.o)
                0x000000000800394c                USB_OTG_BSP_mDelay
 .text.OTG_FS_IRQHandler
                0x0000000008003950        0xc ./build/target/libucxos.a(usb_bsp.o)
                0x0000000008003950                OTG_FS_IRQHandler
 .text.USB_OTG_CoreReset.isra.0
                0x000000000800395c       0x54 ./build/target/libucxos.a(usb_core.o)
 .text.USB_OTG_WritePacket
                0x00000000080039b0       0x2c ./build/target/libucxos.a(usb_core.o)
                0x00000000080039b0                USB_OTG_WritePacket
 .text.USB_OTG_ReadPacket
                0x00000000080039dc       0x34 ./build/target/libucxos.a(usb_core.o)
                0x00000000080039dc                USB_OTG_ReadPacket
 .text.USB_OTG_SelectCore
                0x0000000008003a10      0x120 ./build/target/libucxos.a(usb_core.o)
                0x0000000008003a10                USB_OTG_SelectCore
 .text.USB_OTG_CoreInit
                0x0000000008003b30       0xe8 ./build/target/libucxos.a(usb_core.o)
                0x0000000008003b30                USB_OTG_CoreInit
 .text.USB_OTG_EnableGlobalInt
                0x0000000008003c18       0x10 ./build/target/libucxos.a(usb_core.o)
                0x0000000008003c18                USB_OTG_EnableGlobalInt
 .text.USB_OTG_DisableGlobalInt
                0x0000000008003c28       0x10 ./build/target/libucxos.a(usb_core.o)
                0x0000000008003c28                USB_OTG_DisableGlobalInt
 .text.USB_OTG_FlushTxFifo
                0x0000000008003c38       0x40 ./build/target/libucxos.a(usb_core.o)
                0x0000000008003c38                USB_OTG_FlushTxFifo
 .text.USB_OTG_SetCurrentMode
                0x0000000008003c78       0x30 ./build/target/libucxos.a(usb_core.o)
                0x0000000008003c78                USB_OTG_SetCurrentMode
 .text.USB_OTG_IsDeviceMode
                0x0000000008003ca8        0xc ./build/target/libucxos.a(usb_core.o)
                0x0000000008003ca8                USB_OTG_IsDeviceMode
 .text.USB_OTG_ReadCoreItr
                0x0000000008003cb4        0xc ./build/target/libucxos.a(usb_core.o)
                0x0000000008003cb4                USB_OTG_ReadCoreItr
 .text.USB_OTG_EnableDevInt
                0x0000000008003cc0       0x38 ./build/target/libucxos.a(usb_core.o)
                0x0000000008003cc0                USB_OTG_EnableDevInt
 .text.USB_OTG_CoreInitDev
                0x0000000008003cf8      0x134 ./build/target/libucxos.a(usb_core.o)
                0x0000000008003cf8                USB_OTG_CoreInitDev
 .text.USB_OTG_GetDeviceSpeed
                0x0000000008003e2c       0x18 ./build/target/libucxos.a(usb_core.o)
                0x0000000008003e2c                USB_OTG_GetDeviceSpeed
 .text.USB_OTG_EP0Activate
                0x0000000008003e44       0x28 ./build/target/libucxos.a(usb_core.o)
                0x0000000008003e44                USB_OTG_EP0Activate
 .text.USB_OTG_EPActivate
                0x0000000008003e6c       0x74 ./build/target/libucxos.a(usb_core.o)
                0x0000000008003e6c                USB_OTG_EPActivate
 .text.USB_OTG_EPDeactivate
                0x0000000008003ee0       0x3c ./build/target/libucxos.a(usb_core.o)
                0x0000000008003ee0                USB_OTG_EPDeactivate
 .text.USB_OTG_EPStartXfer
                0x0000000008003f1c      0x160 ./build/target/libucxos.a(usb_core.o)
                0x0000000008003f1c                USB_OTG_EPStartXfer
 .text.USB_OTG_EP0StartXfer
                0x000000000800407c       0xd0 ./build/target/libucxos.a(usb_core.o)
                0x000000000800407c                USB_OTG_EP0StartXfer
 .text.USB_OTG_EPSetStall
                0x000000000800414c       0x48 ./build/target/libucxos.a(usb_core.o)
                0x000000000800414c                USB_OTG_EPSetStall
 .text.USB_OTG_EPClearStall
                0x0000000008004194       0x30 ./build/target/libucxos.a(usb_core.o)
                0x0000000008004194                USB_OTG_EPClearStall
 .text.USB_OTG_ReadDevAllOutEp_itr
                0x00000000080041c4        0xc ./build/target/libucxos.a(usb_core.o)
                0x00000000080041c4                USB_OTG_ReadDevAllOutEp_itr
 .text.USB_OTG_ReadDevOutEP_itr
                0x00000000080041d0       0x14 ./build/target/libucxos.a(usb_core.o)
                0x00000000080041d0                USB_OTG_ReadDevOutEP_itr
 .text.USB_OTG_ReadDevAllInEPItr
                0x00000000080041e4        0xc ./build/target/libucxos.a(usb_core.o)
                0x00000000080041e4                USB_OTG_ReadDevAllInEPItr
 .text.USB_OTG_EP0_OutStart
                0x00000000080041f0       0x20 ./build/target/libucxos.a(usb_core.o)
                0x00000000080041f0                USB_OTG_EP0_OutStart
 .text.DCD_Init
                0x0000000008004210       0x94 ./build/target/libucxos.a(usb_dcd.o)
                0x0000000008004210                DCD_Init
 .text.DCD_EP_Open
                0x00000000080042a4       0x74 ./build/target/libucxos.a(usb_dcd.o)
                0x00000000080042a4                DCD_EP_Open
 .text.DCD_EP_Close
                0x0000000008004318       0x34 ./build/target/libucxos.a(usb_dcd.o)
                0x0000000008004318                DCD_EP_Close
 .text.DCD_EP_PrepareRx
                0x000000000800434c       0x4c ./build/target/libucxos.a(usb_dcd.o)
                0x000000000800434c                DCD_EP_PrepareRx
 .text.DCD_EP_Tx
                0x0000000008004398       0x48 ./build/target/libucxos.a(usb_dcd.o)
                0x0000000008004398                DCD_EP_Tx
 .text.DCD_EP_Stall
                0x00000000080043e0       0x3c ./build/target/libucxos.a(usb_dcd.o)
                0x00000000080043e0                DCD_EP_Stall
 .text.DCD_EP_ClrStall
                0x000000000800441c       0x38 ./build/target/libucxos.a(usb_dcd.o)
                0x000000000800441c                DCD_EP_ClrStall
 .text.DCD_EP_SetAddress
                0x0000000008004454       0x14 ./build/target/libucxos.a(usb_dcd.o)
                0x0000000008004454                DCD_EP_SetAddress
 .text.USBD_OTG_ISR_Handler
                0x0000000008004468      0x514 ./build/target/libucxos.a(usb_dcd_int.o)
                0x0000000008004468                USBD_OTG_ISR_Handler
 *(.rodata)
 *(.rodata.*)
 .rodata.gpio_configpins.str1.4
                0x000000000800497c       0x1d ./build/app/slb_lite_master-read.o
 *fill*         0x0000000008004999        0x3 
 .rodata.task0.str1.4
                0x000000000800499c       0x42 ./build/app/slb_lite_master-read.o
 *fill*         0x00000000080049de        0x2 
 .rodata.str1.4
                0x00000000080049e0       0x18 ./build/app/slb_lite_master-read.o
 .rodata.slb_device
                0x00000000080049f8       0x14 ./build/app/slb_lite_master-read.o
                0x00000000080049f8                slb_device
 .rodata.slb_config
                0x0000000008004a0c       0x10 ./build/app/slb_lite_master-read.o
                0x0000000008004a0c                slb_config
 .rodata.gpio_device
                0x0000000008004a1c       0x14 ./build/app/slb_lite_master-read.o
                0x0000000008004a1c                gpio_device
 .rodata.gpio_config
                0x0000000008004a30        0xc ./build/app/slb_lite_master-read.o
                0x0000000008004a30                gpio_config
 .rodata._stack_check.str1.4
                0x0000000008004a3c       0x25 ./build/target/libucxos.a(hal.o)
 *fill*         0x0000000008004a61        0x3 
 .rodata.ucx_vsprintf.str1.4
                0x0000000008004a64       0x19 ./build/target/libucxos.a(libc.o)
 *fill*         0x0000000008004a7d        0x3 
 .rodata.main.str1.4
                0x0000000008004a80       0x58 ./build/target/libucxos.a(main.o)
 .rodata.slb_driver_read.str1.4
                0x0000000008004ad8       0x28 ./build/target/libucxos.a(slb_lite.o)
 .rodata.krnl_panic.str1.4
                0x0000000008004b00       0x17 ./build/target/libucxos.a(ucx.o)
 *fill*         0x0000000008004b17        0x1 
 .rodata.ucx_task_spawn.str1.4
                0x0000000008004b18       0x25 ./build/target/libucxos.a(ucx.o)
 *fill*         0x0000000008004b3d        0x3 
 .rodata.USBD_USR_ProductStrDescriptor.str1.4
                0x0000000008004b40       0x16 ./build/target/libucxos.a(usbd_desc.o)
 *fill*         0x0000000008004b56        0x2 
 .rodata.USBD_USR_ManufacturerStrDescriptor.str1.4
                0x0000000008004b58       0x13 ./build/target/libucxos.a(usbd_desc.o)
 *fill*         0x0000000008004b6b        0x1 
 .rodata.USBD_USR_SerialStrDescriptor.str1.4
                0x0000000008004b6c        0xd ./build/target/libucxos.a(usbd_desc.o)
 *fill*         0x0000000008004b79        0x3 
 .rodata.USBD_USR_ConfigStrDescriptor.str1.4
                0x0000000008004b7c        0xb ./build/target/libucxos.a(usbd_desc.o)
 *fill*         0x0000000008004b87        0x1 
 .rodata.USBD_USR_InterfaceStrDescriptor.str1.4
                0x0000000008004b88        0xe ./build/target/libucxos.a(usbd_desc.o)
 *fill*         0x0000000008004b96        0x2 
 .rodata.str1.4
                0x0000000008004b98      0x153 ./build/target/libucxos.a(ecodes.o)
 *(.strings)
 *(.glue_7)
 .glue_7        0x0000000008004ceb        0x0 linker stubs
 *(.glue_7t)
 .glue_7t       0x0000000008004ceb        0x0 linker stubs
 *(.eh_frame_hdr)
 *(.eh_frame)
 *(.init)
 *(.fini)
                0x0000000008004cec                . = ALIGN (0x4)
 *fill*         0x0000000008004ceb        0x1 
                0x0000000008004cec                _etext = .
                0x0000000008004cec                _sidata = .

.vfp11_veneer   0x0000000008004cec        0x0
 .vfp11_veneer  0x0000000008004cec        0x0 linker stubs

.v4_bx          0x0000000008004cec        0x0
 .v4_bx         0x0000000008004cec        0x0 linker stubs

.iplt           0x0000000008004cec        0x0
 .iplt          0x0000000008004cec        0x0 ./build/app/slb_lite_master-read.o

.rel.dyn        0x0000000008004cec        0x0
 .rel.iplt      0x0000000008004cec        0x0 ./build/app/slb_lite_master-read.o

.data           0x0000000020000000      0x284 load address 0x0000000008004cec
                0x0000000020000000                . = ALIGN (0x4)
                0x0000000020000000                _sdata = .
 *(.data)
 *(.data.*)
 .data.slb_master
                0x0000000020000000        0x4 ./build/app/slb_lite_master-read.o
                0x0000000020000000                slb_master
 .data.gpio_dev_api
                0x0000000020000004        0x4 ./build/app/slb_lite_master-read.o
                0x0000000020000004                gpio_dev_api
 .data.gpio     0x0000000020000008        0x4 ./build/app/slb_lite_master-read.o
                0x0000000020000008                gpio
 .data.gpio_api
                0x000000002000000c       0x18 ./build/target/libucxos.a(gpio.o)
                0x000000002000000c                gpio_api
 .data.slb_api  0x0000000020000024       0x20 ./build/target/libucxos.a(slb_lite.o)
                0x0000000020000024                slb_api
 .data.APBAHBPrescTable
                0x0000000020000044       0x10 ./build/target/libucxos.a(stm32f4xx_rcc.o)
 .data.AHBPrescTable
                0x0000000020000054       0x10 ./build/target/libucxos.a(system_stm32f4xx.o)
                0x0000000020000054                AHBPrescTable
 .data.SystemCoreClock
                0x0000000020000064        0x4 ./build/target/libucxos.a(system_stm32f4xx.o)
                0x0000000020000064                SystemCoreClock
 .data.kcb      0x0000000020000068        0x4 ./build/target/libucxos.a(ucx.o)
                0x0000000020000068                kcb
 .data.kernel_state
                0x000000002000006c       0x68 ./build/target/libucxos.a(ucx.o)
                0x000000002000006c                kernel_state
 .data.USBD_CDC_cb
                0x00000000200000d4       0x2c ./build/target/libucxos.a(usbd_cdc_core.o)
                0x00000000200000d4                USBD_CDC_cb
 .data.cdcCmd   0x0000000020000100        0x4 ./build/target/libucxos.a(usbd_cdc_core.o)
 .data.usbd_cdc_CfgDesc
                0x0000000020000104       0x43 ./build/target/libucxos.a(usbd_cdc_core.o)
                0x0000000020000104                usbd_cdc_CfgDesc
 *fill*         0x0000000020000147        0x1 
 .data.VCP_fops
                0x0000000020000148       0x14 ./build/target/libucxos.a(usbd_cdc_vcp.o)
                0x0000000020000148                VCP_fops
 .data.linecoding
                0x000000002000015c        0x8 ./build/target/libucxos.a(usbd_cdc_vcp.o)
                0x000000002000015c                linecoding
 .data.USBD_DCD_INT_fops
                0x0000000020000164        0x4 ./build/target/libucxos.a(usbd_core.o)
                0x0000000020000164                USBD_DCD_INT_fops
 .data.USBD_DCD_INT_cb
                0x0000000020000168       0x2c ./build/target/libucxos.a(usbd_core.o)
                0x0000000020000168                USBD_DCD_INT_cb
 .data.USBD_LangIDDesc
                0x0000000020000194        0x4 ./build/target/libucxos.a(usbd_desc.o)
                0x0000000020000194                USBD_LangIDDesc
 .data.USBD_DeviceDesc
                0x0000000020000198       0x12 ./build/target/libucxos.a(usbd_desc.o)
                0x0000000020000198                USBD_DeviceDesc
 *fill*         0x00000000200001aa        0x2 
 .data.USR_desc
                0x00000000200001ac       0x1c ./build/target/libucxos.a(usbd_desc.o)
                0x00000000200001ac                USR_desc
 .data.USR_cb   0x00000000200001c8       0x1c ./build/target/libucxos.a(usbd_usr.o)
                0x00000000200001c8                USR_cb
 .data._stdpoll_hook
                0x00000000200001e4        0x4 ./build/target/libucxos.a(console.o)
 .data._stdin_hook
                0x00000000200001e8        0x4 ./build/target/libucxos.a(console.o)
 .data._stdout_hook
                0x00000000200001ec        0x4 ./build/target/libucxos.a(console.o)
 .data.perror   0x00000000200001f0        0x4 ./build/target/libucxos.a(ecodes.o)
                0x00000000200001f0                perror
 .data.edatadesc
                0x00000000200001f4       0x90 ./build/target/libucxos.a(ecodes.o)
                0x0000000020000284                . = ALIGN (0x4)
                0x0000000020000284                _edata = .

.igot.plt       0x0000000020000284        0x0 load address 0x0000000008004f70
 .igot.plt      0x0000000020000284        0x0 ./build/app/slb_lite_master-read.o

.bss            0x0000000020000284     0x1134 load address 0x0000000008004f70
                0x0000000020000284                . = ALIGN (0x4)
                0x0000000020000284                _sbss = .
 *(.bss)
 *(.bss.*)
 .bss.slb_data  0x0000000020000284        0x4 ./build/app/slb_lite_master-read.o
                0x0000000020000284                slb_data
 .bss.int_cb    0x0000000020000288       0x40 ./build/target/libucxos.a(gpio_ll.o)
 .bss.tval2.1   0x00000000200002c8        0x4 ./build/target/libucxos.a(hal.o)
 .bss.tref.0    0x00000000200002cc        0x2 ./build/target/libucxos.a(hal.o)
 *fill*         0x00000000200002ce        0x2 
 .bss.new_task_psp
                0x00000000200002d0        0x4 ./build/target/libucxos.a(hal.o)
                0x00000000200002d0                new_task_psp
 .bss.task_psp  0x00000000200002d4        0x4 ./build/target/libucxos.a(hal.o)
                0x00000000200002d4                task_psp
 .bss.last_free
                0x00000000200002d8        0x4 ./build/target/libucxos.a(malloc.o)
                0x00000000200002d8                last_free
 .bss.first_free
                0x00000000200002dc        0x4 ./build/target/libucxos.a(malloc.o)
                0x00000000200002dc                first_free
 .bss.bytes.0   0x00000000200002e0        0x4 ./build/target/libucxos.a(usart.o)
 .bss.uartfifo  0x00000000200002e4      0x1b0 ./build/target/libucxos.a(usart.o)
 .bss.USB_OTG_dev
                0x0000000020000494      0x5f0 ./build/target/libucxos.a(usart.o)
                0x0000000020000494                USB_OTG_dev
 .bss.FrameCount.0
                0x0000000020000a84        0x4 ./build/target/libucxos.a(usbd_cdc_core.o)
 .bss.cdcLen    0x0000000020000a88        0x4 ./build/target/libucxos.a(usbd_cdc_core.o)
 .bss.USB_Tx_State
                0x0000000020000a8c        0x1 ./build/target/libucxos.a(usbd_cdc_core.o)
                0x0000000020000a8c                USB_Tx_State
 *fill*         0x0000000020000a8d        0x3 
 .bss.APP_Rx_length
                0x0000000020000a90        0x4 ./build/target/libucxos.a(usbd_cdc_core.o)
                0x0000000020000a90                APP_Rx_length
 .bss.APP_Rx_ptr_out
                0x0000000020000a94        0x4 ./build/target/libucxos.a(usbd_cdc_core.o)
                0x0000000020000a94                APP_Rx_ptr_out
 .bss.APP_Rx_ptr_in
                0x0000000020000a98        0x4 ./build/target/libucxos.a(usbd_cdc_core.o)
                0x0000000020000a98                APP_Rx_ptr_in
 .bss.CmdBuff   0x0000000020000a9c        0x8 ./build/target/libucxos.a(usbd_cdc_core.o)
                0x0000000020000a9c                CmdBuff
 .bss.APP_Rx_Buffer
                0x0000000020000aa4      0x800 ./build/target/libucxos.a(usbd_cdc_core.o)
                0x0000000020000aa4                APP_Rx_Buffer
 .bss.USB_Rx_Buffer
                0x00000000200012a4       0x40 ./build/target/libucxos.a(usbd_cdc_core.o)
                0x00000000200012a4                USB_Rx_Buffer
 .bss.usbd_cdc_AltSet
                0x00000000200012e4        0x4 ./build/target/libucxos.a(usbd_cdc_core.o)
 .bss.APP_tx_ptr_tail
                0x00000000200012e8        0x4 ./build/target/libucxos.a(usbd_cdc_vcp.o)
                0x00000000200012e8                APP_tx_ptr_tail
 .bss.APP_tx_ptr_head
                0x00000000200012ec        0x4 ./build/target/libucxos.a(usbd_cdc_vcp.o)
                0x00000000200012ec                APP_tx_ptr_head
 .bss.APP_Tx_Buffer
                0x00000000200012f0       0x80 ./build/target/libucxos.a(usbd_cdc_vcp.o)
                0x00000000200012f0                APP_Tx_Buffer
 .bss.cfgidx.0  0x0000000020001370        0x1 ./build/target/libucxos.a(usbd_req.o)
 *fill*         0x0000000020001371        0x3 
 .bss.USBD_StrDesc
                0x0000000020001374       0x32 ./build/target/libucxos.a(usbd_req.o)
                0x0000000020001374                USBD_StrDesc
 *fill*         0x00000000200013a6        0x2 
 .bss.USBD_cfg_status
                0x00000000200013a8        0x4 ./build/target/libucxos.a(usbd_req.o)
                0x00000000200013a8                USBD_cfg_status
 .bss.USBD_default_cfg
                0x00000000200013ac        0x4 ./build/target/libucxos.a(usbd_req.o)
                0x00000000200013ac                USBD_default_cfg
 .bss.USBD_ep_status
                0x00000000200013b0        0x4 ./build/target/libucxos.a(usbd_req.o)
                0x00000000200013b0                USBD_ep_status
 .bss.USB_CDC_STATUS
                0x00000000200013b4        0x4 ./build/target/libucxos.a(usbd_usr.o)
                0x00000000200013b4                USB_CDC_STATUS
 *(COMMON)
                0x00000000200013b8                . = ALIGN (0x4)
                0x00000000200013b8                _ebss = .
                0x00000000200013b8                . = _heap_start

.heap           0x00000000200013b8    0x1cc48 load address 0x00000000080060a4
                0x00000000200013b8                . = ALIGN (0x4)
                [!provide]                        PROVIDE (end = .)
                [!provide]                        PROVIDE (_end = .)
                0x000000002001e000                . = (. + _heap_size)
 *fill*         0x00000000200013b8    0x1cc48 
                0x000000002001e000                . = ALIGN (0x4)
                0x000000002001e000                . = _stack_end

.stack          0x000000002001e000     0x2000 load address 0x0000000008022cec
                0x000000002001e000                . = ALIGN (0x4)
                0x0000000020020000                . = (. + _stack_size)
 *fill*         0x000000002001e000     0x2000 
                0x0000000020020000                . = ALIGN (0x4)
LOAD ./build/app/slb_lite_master-read.o
LOAD ./build/target/libucxos.a
OUTPUT(./build/target/image.elf elf32-littlearm)
LOAD linker stubs

.comment        0x0000000000000000       0x45
 .comment       0x0000000000000000       0x45 ./build/app/slb_lite_master-read.o
                                         0x46 (size before relaxing)
 .comment       0x0000000000000045       0x46 ./build/target/libucxos.a(device.o)
 .comment       0x0000000000000045       0x46 ./build/target/libucxos.a(gpio.o)
 .comment       0x0000000000000045       0x46 ./build/target/libucxos.a(gpio_ll.o)
 .comment       0x0000000000000045       0x46 ./build/target/libucxos.a(hal.o)
 .comment       0x0000000000000045       0x46 ./build/target/libucxos.a(libc.o)
 .comment       0x0000000000000045       0x46 ./build/target/libucxos.a(list.o)
 .comment       0x0000000000000045       0x46 ./build/target/libucxos.a(main.o)
 .comment       0x0000000000000045       0x46 ./build/target/libucxos.a(malloc.o)
 .comment       0x0000000000000045       0x46 ./build/target/libucxos.a(misc.o)
 .comment       0x0000000000000045       0x46 ./build/target/libucxos.a(slb_lite.o)
 .comment       0x0000000000000045       0x46 ./build/target/libucxos.a(stm32f4xx_exti.o)
 .comment       0x0000000000000045       0x46 ./build/target/libucxos.a(stm32f4xx_gpio.o)
 .comment       0x0000000000000045       0x46 ./build/target/libucxos.a(stm32f4xx_rcc.o)
 .comment       0x0000000000000045       0x46 ./build/target/libucxos.a(stm32f4xx_syscfg.o)
 .comment       0x0000000000000045       0x46 ./build/target/libucxos.a(stm32f4xx_tim.o)
 .comment       0x0000000000000045       0x46 ./build/target/libucxos.a(system_stm32f4xx.o)
 .comment       0x0000000000000045       0x46 ./build/target/libucxos.a(ucx.o)
 .comment       0x0000000000000045       0x46 ./build/target/libucxos.a(usart.o)
 .comment       0x0000000000000045       0x46 ./build/target/libucxos.a(usbd_cdc_core.o)
 .comment       0x0000000000000045       0x46 ./build/target/libucxos.a(usbd_cdc_vcp.o)
 .comment       0x0000000000000045       0x46 ./build/target/libucxos.a(usbd_core.o)
 .comment       0x0000000000000045       0x46 ./build/target/libucxos.a(usbd_desc.o)
 .comment       0x0000000000000045       0x46 ./build/target/libucxos.a(usbd_ioreq.o)
 .comment       0x0000000000000045       0x46 ./build/target/libucxos.a(usbd_req.o)
 .comment       0x0000000000000045       0x46 ./build/target/libucxos.a(usbd_usr.o)
 .comment       0x0000000000000045       0x46 ./build/target/libucxos.a(console.o)
 .comment       0x0000000000000045       0x46 ./build/target/libucxos.a(dump.o)
 .comment       0x0000000000000045       0x46 ./build/target/libucxos.a(ecodes.o)
 .comment       0x0000000000000045       0x46 ./build/target/libucxos.a(stm32f4xx_usart.o)
 .comment       0x0000000000000045       0x46 ./build/target/libucxos.a(usb_bsp.o)
 .comment       0x0000000000000045       0x46 ./build/target/libucxos.a(usb_core.o)
 .comment       0x0000000000000045       0x46 ./build/target/libucxos.a(usb_dcd.o)
 .comment       0x0000000000000045       0x46 ./build/target/libucxos.a(usb_dcd_int.o)

.ARM.attributes
                0x0000000000000000       0x1c
 .ARM.attributes
                0x0000000000000000       0x1c ./build/app/slb_lite_master-read.o
 .ARM.attributes
                0x000000000000001c       0x1c ./build/target/libucxos.a(device.o)
 .ARM.attributes
                0x0000000000000038       0x1c ./build/target/libucxos.a(gpio.o)
 .ARM.attributes
                0x0000000000000054       0x1c ./build/target/libucxos.a(gpio_ll.o)
 .ARM.attributes
                0x0000000000000070       0x1c ./build/target/libucxos.a(hal.o)
 .ARM.attributes
                0x000000000000008c       0x1c ./build/target/libucxos.a(libc.o)
 .ARM.attributes
                0x00000000000000a8       0x1c ./build/target/libucxos.a(list.o)
 .ARM.attributes
                0x00000000000000c4       0x1c ./build/target/libucxos.a(main.o)
 .ARM.attributes
                0x00000000000000e0       0x1c ./build/target/libucxos.a(malloc.o)
 .ARM.attributes
                0x00000000000000fc       0x1c ./build/target/libucxos.a(misc.o)
 .ARM.attributes
                0x0000000000000118       0x1c ./build/target/libucxos.a(setjmp.o)
 .ARM.attributes
                0x0000000000000134       0x1c ./build/target/libucxos.a(slb_lite.o)
 .ARM.attributes
                0x0000000000000150       0x1c ./build/target/libucxos.a(stm32f4xx_exti.o)
 .ARM.attributes
                0x000000000000016c       0x1c ./build/target/libucxos.a(stm32f4xx_gpio.o)
 .ARM.attributes
                0x0000000000000188       0x1c ./build/target/libucxos.a(stm32f4xx_rcc.o)
 .ARM.attributes
                0x00000000000001a4       0x1c ./build/target/libucxos.a(stm32f4xx_syscfg.o)
 .ARM.attributes
                0x00000000000001c0       0x1c ./build/target/libucxos.a(stm32f4xx_tim.o)
 .ARM.attributes
                0x00000000000001dc       0x1c ./build/target/libucxos.a(system_stm32f4xx.o)
 .ARM.attributes
                0x00000000000001f8       0x1c ./build/target/libucxos.a(ucx.o)
 .ARM.attributes
                0x0000000000000214       0x1c ./build/target/libucxos.a(usart.o)
 .ARM.attributes
                0x0000000000000230       0x1c ./build/target/libucxos.a(usbd_cdc_core.o)
 .ARM.attributes
                0x000000000000024c       0x1c ./build/target/libucxos.a(usbd_cdc_vcp.o)
 .ARM.attributes
                0x0000000000000268       0x1c ./build/target/libucxos.a(usbd_core.o)
 .ARM.attributes
                0x0000000000000284       0x1c ./build/target/libucxos.a(usbd_desc.o)
 .ARM.attributes
                0x00000000000002a0       0x1c ./build/target/libucxos.a(usbd_ioreq.o)
 .ARM.attributes
                0x00000000000002bc       0x1c ./build/target/libucxos.a(usbd_req.o)
 .ARM.attributes
                0x00000000000002d8       0x1c ./build/target/libucxos.a(usbd_usr.o)
 .ARM.attributes
                0x00000000000002f4       0x1c ./build/target/libucxos.a(console.o)
 .ARM.attributes
                0x0000000000000310       0x1c ./build/target/libucxos.a(dump.o)
 .ARM.attributes
                0x000000000000032c       0x1c ./build/target/libucxos.a(ecodes.o)
 .ARM.attributes
                0x0000000000000348       0x1c ./build/target/libucxos.a(stm32f4xx_usart.o)
 .ARM.attributes
                0x0000000000000364       0x1c ./build/target/libucxos.a(usb_bsp.o)
 .ARM.attributes
                0x0000000000000380       0x1c ./build/target/libucxos.a(usb_core.o)
 .ARM.attributes
                0x000000000000039c       0x1c ./build/target/libucxos.a(usb_dcd.o)
 .ARM.attributes
                0x00000000000003b8       0x1c ./build/target/libucxos.a(usb_dcd_int.o)
